C:\Users\User\Desktop\實作Kibot>git remote add origin https://github.com/chenchiyo99/travel_kibot.git
fatal: remote origin already exists.

C:\Users\User\Desktop\實作Kibot>git branch -M main

C:\Users\User\Desktop\實作Kibot>git init
Reinitialized existing Git repository in C:/Users/User/Desktop/實作Kibot/.git/

C:\Users\User\Desktop\實作Kibot>echo "# travel_kibot" >> README.md

C:\Users\User\Desktop\實作Kibot>git init
Reinitialized existing Git repository in C:/Users/User/Desktop/實作Kibot/.git/

C:\Users\User\Desktop\實作Kibot>git commit -m "first commit"
On branch main
Your branch is up to date with 'origin/master'.

Changes not staged for commit:
  (use "git add <file>..." to update what will be committed)
  (use "git restore <file>..." to discard changes in working directory)
        modified:   README.md
        modified:   app.js
        modified:   config.js
        modified:   package-lock.json
        modified:   package.json

Untracked files:
  (use "git add <file>..." to include in what will be committed)
        POIDB.json
        db.js
        ngrok.exe
        nibot2.zip

no changes added to commit (use "git add" and/or "git commit -a")

C:\Users\User\Desktop\實作Kibot>git branch -M main

C:\Users\User\Desktop\實作Kibot>git remote add origin https://github.com/chenchiyo99/travel_kibot.git
fatal: remote origin already exists.

C:\Users\User\Desktop\實作Kibot>git push -u origin main
Total 0 (delta 0), reused 0 (delta 0), pack-reused 0
remote:
remote: Create a pull request for 'main' on GitHub by visiting:
remote:      https://github.com/chenchiyo99/ccitnibot1/pull/new/main
remote:
remote:
remote:
remote: GitHub found 5 vulnerabilities on chenchiyo99/ccitnibot1's default branch (4 high, 1 low). To find out more, visit:
remote:      https://github.com/chenchiyo99/ccitnibot1/network/alerts
remote:
To https://github.com/chenchiyo99/ccitnibot1.git
 * [new branch]      main -> main
Branch 'main' set up to track remote branch 'main' from 'origin'.

C:\Users\User\Desktop\實作Kibot>git remote add origin https://github.com/chenchiyo99/travel_kibot.git
fatal: remote origin already exists.

C:\Users\User\Desktop\實作Kibot>git remote rm origin

C:\Users\User\Desktop\實作Kibot>git remote add origin https://github.com/chenchiyo99/travel_kibot.git

C:\Users\User\Desktop\實作Kibot>git push -u origin main
Enumerating objects: 24, done.
Counting objects: 100% (24/24), done.
Delta compression using up to 8 threads
Compressing objects: 100% (19/19), done.
Writing objects: 100% (24/24), 13.62 MiB | 320.00 KiB/s, done.
Total 24 (delta 1), reused 0 (delta 0), pack-reused 0
remote: Resolving deltas: 100% (1/1), done.
To https://github.com/chenchiyo99/travel_kibot.git
 * [new branch]      main -> main
Branch 'main' set up to track remote branch 'main' from 'origin'.

C:\Users\User\Desktop\實作Kibot>node --version
v12.16.1

C:\Users\User\Desktop\實作Kibot>heroku buildpacks
 »   Error: Missing required flag:
 »     -a, --app APP  app to run command against
 »   See more help with --help

C:\Users\User\Desktop\實作Kibot>git push -u origin main
To https://github.com/chenchiyo99/travel_kibot.git
 ! [rejected]        main -> main (fetch first)
error: failed to push some refs to 'https://github.com/chenchiyo99/travel_kibot.git'
hint: Updates were rejected because the remote contains work that you do
hint: not have locally. This is usually caused by another repository pushing
hint: to the same ref. You may want to first integrate the remote changes
hint: (e.g., 'git pull ...') before pushing again.
hint: See the 'Note about fast-forwards' in 'git push --help' for details.

C:\Users\User\Desktop\實作Kibot>git commit -m "second commit after node version update"
On branch main
Your branch is up to date with 'origin/main'.

Changes not staged for commit:
  (use "git add <file>..." to update what will be committed)
  (use "git restore <file>..." to discard changes in working directory)
        modified:   README.md
        modified:   app.js
        modified:   config.js
        modified:   package-lock.json
        modified:   package.json

Untracked files:
  (use "git add <file>..." to include in what will be committed)
        POIDB.json
        db.js
        ngrok.exe
        nibot2.zip

no changes added to commit (use "git add" and/or "git commit -a")

C:\Users\User\Desktop\實作Kibot>git add
Nothing specified, nothing added.
hint: Maybe you wanted to say 'git add .'?
hint: Turn this message off by running
hint: "git config advice.addEmptyPathspec false"

C:\Users\User\Desktop\實作Kibot>git add .
warning: LF will be replaced by CRLF in README.md.
The file will have its original line endings in your working directory
warning: LF will be replaced by CRLF in app.js.
The file will have its original line endings in your working directory
warning: LF will be replaced by CRLF in config.js.
The file will have its original line endings in your working directory
warning: LF will be replaced by CRLF in package-lock.json.
The file will have its original line endings in your working directory
warning: LF will be replaced by CRLF in package.json.
The file will have its original line endings in your working directory
warning: LF will be replaced by CRLF in POIDB.json.
The file will have its original line endings in your working directory

C:\Users\User\Desktop\實作Kibot>git commit -m "commit after git add"
[main 74d2b09] commit after git add
 9 files changed, 3365 insertions(+), 431 deletions(-)
 create mode 100644 POIDB.json
 create mode 100644 db.js
 create mode 100644 ngrok.exe
 create mode 100644 nibot2.zip

C:\Users\User\Desktop\實作Kibot>git push -u origin main
To https://github.com/chenchiyo99/travel_kibot.git
 ! [rejected]        main -> main (fetch first)
error: failed to push some refs to 'https://github.com/chenchiyo99/travel_kibot.git'
hint: Updates were rejected because the remote contains work that you do
hint: not have locally. This is usually caused by another repository pushing
hint: to the same ref. You may want to first integrate the remote changes
hint: (e.g., 'git pull ...') before pushing again.
hint: See the 'Note about fast-forwards' in 'git push --help' for details.

C:\Users\User\Desktop\實作Kibot>git pull
remote: Enumerating objects: 5, done.
remote: Counting objects: 100% (5/5), done.
remote: Compressing objects: 100% (2/2), done.
remote: Total 3 (delta 1), reused 0 (delta 0), pack-reused 0
Unpacking objects: 100% (3/3), 651 bytes | 32.00 KiB/s, done.
From https://github.com/chenchiyo99/travel_kibot
   59708b9..e5d80c3  main       -> origin/main
Auto-merging README.md
Merge made by the 'recursive' strategy.
 README.md | 3 +--
 1 file changed, 1 insertion(+), 2 deletions(-)

C:\Users\User\Desktop\實作Kibot>git push -u origin main
Enumerating objects: 26, done.
Counting objects: 100% (22/22), done.
Delta compression using up to 8 threads
Compressing objects: 100% (13/13), done.
Writing objects: 100% (14/14), 35.40 MiB | 449.00 KiB/s, done.
Total 14 (delta 6), reused 0 (delta 0), pack-reused 0
remote: Resolving deltas: 100% (6/6), completed with 5 local objects.
To https://github.com/chenchiyo99/travel_kibot.git
   e5d80c3..4ccde0a  main -> main
Branch 'main' set up to track remote branch 'main' from 'origin'.

C:\Users\User\Desktop\實作Kibot>